2020/09/23 09:21:01 log.go:20: Exit open sfdgh: no such file or directory
